
=== Mon Jun  1 09:43:21 2026

Packages were changed.
Update Mode: mergeDefaultDependencies

The following packages were added:
  com.unity.modules.adaptiveperformance@1.0.0
  com.unity.modules.ai@1.0.0
  com.unity.modules.androidjni@1.0.0
  com.unity.modules.animation@1.0.0
  com.unity.modules.assetbundle@1.0.0
  com.unity.modules.audio@1.0.0
  com.unity.modules.cloth@1.0.0
  com.unity.modules.director@1.0.0
  com.unity.modules.imageconversion@1.0.0
  com.unity.modules.imgui@1.0.0
  com.unity.modules.jsonserialize@1.0.0
  com.unity.modules.particlesystem@1.0.0
  com.unity.modules.physics@1.0.0
  com.unity.modules.physics2d@1.0.0
  com.unity.modules.screencapture@1.0.0
  com.unity.modules.terrain@1.0.0
  com.unity.modules.terrainphysics@1.0.0
  com.unity.modules.tilemap@1.0.0
  com.unity.modules.ui@1.0.0
  com.unity.modules.uielements@1.0.0
  com.unity.modules.umbra@1.0.0
  com.unity.modules.unityanalytics@1.0.0
  com.unity.modules.unitywebrequest@1.0.0
  com.unity.modules.unitywebrequestassetbundle@1.0.0
  com.unity.modules.unitywebrequestaudio@1.0.0
  com.unity.modules.unitywebrequesttexture@1.0.0
  com.unity.modules.unitywebrequestwww@1.0.0
  com.unity.modules.vectorgraphics@1.0.0
  com.unity.modules.vehicles@1.0.0
  com.unity.modules.video@1.0.0
  com.unity.modules.vr@1.0.0
  com.unity.modules.wind@1.0.0
  com.unity.modules.xr@1.0.0
  com.unity.modules.accessibility@1.0.0
  com.unity.multiplayer.center@1.0.1
The following packages were updated:
  com.unity.ai.navigation from version 2.0.0 to 2.0.11
  com.unity.collab-proxy from version 2.2.0 to 2.11.4
  com.unity.ide.rider from version 3.0.27 to 3.0.39
  com.unity.ide.visualstudio from version 2.0.22 to 2.0.26
  com.unity.inputsystem from version 1.12.0 to 1.19.0
  com.unity.render-pipelines.universal from version 17.0.1 to 17.3.0
  com.unity.test-framework from version 1.4.2 to 1.6.0
  com.unity.timeline from version 1.8.6 to 1.8.11
  com.unity.visualscripting from version 1.9.1 to 1.9.10

=== Sun Sep 27 17:16:30 2026

Packages were changed.
Update Mode: updateDependencies

The following packages were updated:
  com.unity.2d.animation from version 3.2.11 to 13.0.4
  com.unity.2d.pixel-perfect from version 2.1.0 to 5.1.1
  com.unity.2d.psdimporter from version 2.1.8 to 12.0.1
  com.unity.2d.spriteshape from version 3.0.17 to 13.0.0
  com.unity.collab-proxy from version 1.10.2 to 2.11.4
  com.unity.ide.rider from version 1.2.1 to 3.0.39
  com.unity.ide.visualstudio from version 2.0.11 to 2.0.26
  com.unity.postprocessing from version 3.1.1 to 3.5.1
  com.unity.test-framework from version 1.1.29 to 1.6.0
  com.unity.timeline from version 1.2.18 to 1.8.11
  com.unity.ugui from version 1.0.0 to 2.0.0
The following packages were removed:
  com.unity.textmeshpro@2.1.6

=== Sun Sep 27 17:16:30 2026

Packages were changed.
Update Mode: mergeDefaultDependencies

The following packages were added:
  com.unity.2d.animation@13.0.4
  com.unity.2d.pixel-perfect@5.1.1
  com.unity.2d.psdimporter@12.0.1
  com.unity.2d.sprite@1.0.0
  com.unity.2d.spriteshape@13.0.0
  com.unity.2d.tilemap@1.0.0
  com.unity.ide.vscode@1.2.4
  com.unity.package-validation-suite@0.23.4-preview
  com.unity.postprocessing@3.5.1
